=== Comments (no from field) ===
{
  "data": [
    {
      "id": "18084734288231510",
      "text": "지금 보내드렸어요! 💙 안 보인다면 요청함도 확인해주세요~",
      "timestamp": "2026-02-17T02:26:25+0000"
    },
    {
      "id": "18054584924452340",
      "text": "자개",
      "timestamp": "2026-02-17T02:26:19+0000"
    },
    {
      "id": "17860903605599777",
      "text": "DM으로 전송했어요 💙 요청함도 확인해주세요!",
      "timestamp": "2026-02-17T00:31:49+0000"
    },
    {
      "id": "18032395619788597",
      "text": "자개",
      "timestamp": "2026-02-17T00:31:42+0000"
    },
    {
      "id": "18008309801684146",
      "text": "지금 보내드렸어요! 💙 안 보인다면 요청함도 확인해주세요~",
      "timestamp": "2026-02-16T15:16:55+0000"
    }
  ],
  "paging": {
    "cursors": {
      "before": "QVFIU3FvU0tHVjhZAd2x0cE9nQm9GbEUxQkxkeEtFWExyNTZA6MkU3T250Q0tOVnBtSVd1OXFEVnl1QWhDQWl6UFZABdGNvZAVFDYU1WY2d4bFZAnTG51XzFzWW53",
      "after": "QVFIU0FrTlBGcnBYaEtNTDRVR1BEcHcxQy10dkhNMHAxdXdQTzNhUXJEZADZAhdEhHM2RGRnE1cnBEU3F5VlI4STJvcUFMQWUtZAW1XTHZAtODNsd3dSVEhxR09n"
    },
    "next": "https://graph.instagram.com/v24.0/18192458359351969/comments?fields=id,text,timestamp&limit=5&access_token=IGAARoW4rWC1BBZAGJOdTJaNzUtZAEFueG1UUTYtelVudGNLNnNtZADk3LUtvNjdHSWIxcnh1Vk4xNFVZAZAHA5UUU3OVJkVXZAyUC1iZAHZACM1BoUXhGTmJtSjA5U1d1UVJPVGcyT1JPV08xaEszYVFVbldVXzZAHZA1lQcEU5YmtfRkJyQQZDZD&after=QVFIU0FrTlBGcnBYaEtNTDRVR1BEcHcxQy10dkhNMHAxdXdQTzNhUXJEZADZAhdEhHM2RGRnE1cnBEU3F5VlI4STJvcUFMQWUtZAW1XTHZAtODNsd3dSVEhxR09n"
  }
}

=== Comments DN4S (just id,text) ===
{
  "data": [
    {
      "id": "18046584512509927",
      "text": "아크릴"
    },
    {
      "id": "18099400300915806",
      "text": "아크릴"
    },
    {
      "id": "17926920702227243",
      "text": "아크릴"
    }
  ],
  "paging": {
    "cursors": {
      "before": "QVFIU1ZABYTY3VlNuTzdkNm9MRmJISWFmRUFpWTdNTFNSTy0wNEdibldCc1RDakU0dHlYUDNqOGtCbVZA3U3QzLXo0X0x2cTB0YVREYUhLMTFNeVpJNXpZAcVNR",
      "after": "QVFIU1R4bUphd3FrdDFGal9PaEpLbWtzalNGU2ZARRTZAlTzRvd1FoVmlxQXczNVg4SjVuX1FrNDdWVC1ZAVVRPdmtMNlRtNk1xbEJwVUJIekYzMy02RVp6S1dR"
    },
    "next": "https://graph.instagram.com/v24.0/17918162124032565/comments?fields=id,text&limit=3&access_token=IGAARoW4rWC1BBZAGJOdTJaNzUtZAEFueG1UUTYtelVudGNLNnNtZADk3LUtvNjdHSWIxcnh1Vk4xNFVZAZAHA5UUU3OVJkVXZAyUC1iZAHZACM1BoUXhGTmJtSjA5U1d1UVJPVGcyT1JPV08xaEszYVFVbldVXzZAHZA1lQcEU5YmtfRkJyQQZDZD&after=QVFIU1R4bUphd3FrdDFGal9PaEpLbWtzalNGU2ZARRTZAlTzRvd1FoVmlxQXczNVg4SjVuX1FrNDdWVC1ZAVVRPdmtMNlRtNk1xbEJwVUJIekYzMy02RVp6S1dR"
  }
}

=== Comments DN4S (no fields) ===
{
  "data": [
    {
      "id": "18046584512509927"
    },
    {
      "id": "18099400300915806"
    },
    {
      "id": "17926920702227243"
    },
    {
      "id": "18080635163603443"
    }
  ],
  "paging": {
    "cursors": {
      "before": "QVFIU1ZABYTY3VlNuTzdkNm9MRmJISWFmRUFpWTdNTFNSTy0wNEdibldCc1RDakU0dHlYUDNqOGtCbVZA3U3QzLXo0X0x2cTB0YVREYUhLMTFNeVpJNXpZAcVNR",
      "after": "QVFIU1g2ZAUo1U2ZAyU3Q0Q0QzM2RvVnZAoalhjcHZA5QU9EdzFJdDVkMmIyaVVIQk1hRmpSUktRU0JoZAXRVRHgyZAkMwTUZAlZAWpBRmNjVGVZAbE9BUlNPX3ZAtekFB"
    }
  }
}

=== Comments (username field) ===
{
  "data": [
    {
      "id": "18046584512509927",
      "text": "아크릴"
    },
    {
      "id": "18099400300915806",
      "text": "아크릴"
    },
    {
      "id": "17926920702227243",
      "text": "아크릴"
    },
    {
      "id": "18080635163603443",
      "text": "아크릴",
      "username": "blankerfactory"
    }
  ],
  "paging": {
    "cursors": {
      "before": "QVFIU1ZABYTY3VlNuTzdkNm9MRmJISWFmRUFpWTdNTFNSTy0wNEdibldCc1RDakU0dHlYUDNqOGtCbVZA3U3QzLXo0X0x2cTB0YVREYUhLMTFNeVpJNXpZAcVNR",
      "after": "QVFIU1g2ZAUo1U2ZAyU3Q0Q0QzM2RvVnZAoalhjcHZA5QU9EdzFJdDVkMmIyaVVIQk1hRmpSUktRU0JoZAXRVRHgyZAkMwTUZAlZAWpBRmNjVGVZAbE9BUlNPX3ZAtekFB"
    }
  }
}